[jason-sokaris.my-free.website/index.html]
[backblue.gif]
[fade.gif]
[index.html]
[jason-sokaris.my-free.website/s/cdn/v1.0/i/m763b.png]
[jason-sokaris.my-free.website/home.ea4332e5.js]
[jason-sokaris.my-free.website/s/cdn/v1.0/i/m5fd3.png]
[jason-sokaris.my-free.website/gallery.html]
[jason-sokaris.my-free.website/location.html]
[jason-sokaris.my-free.website/contact-us.html]
[jason-sokaris.my-free.website/s/cdn/v1.0/i/m2c82.png]
[jason-sokaris.my-free.website/facebook]
[jason-sokaris.my-free.website/twitter]
[jason-sokaris.my-free.website/instagram]
[jason-sokaris.my-free.website/cdn-cgi/l/email-protection.html]
[jason-sokaris.my-free.website/index.html]
[jason-sokaris.my-free.website/cdn-cgi/scripts/5c5dd728/cloudflare-static/email-decode.min.js]
[jason-sokaris.my-free.website/s/cdn/v1.0/i/m9629.jpg]
[jason-sokaris.my-free.website/gallery.f93cd725.js]
[jason-sokaris.my-free.website/s/cdn/v1.0/i/m807e.jpg]
[jason-sokaris.my-free.website/s/cdn/v1.0/i/m995d.jpg]
[jason-sokaris.my-free.website/s/cdn/v1.0/i/m24e9.jpg]
[jason-sokaris.my-free.website/s/cdn/v1.0/i/m384b.jpg]
[jason-sokaris.my-free.website/gallery.html]
[jason-sokaris.my-free.website/s/cdn/v1.0/i/m56c6.jpg]
[jason-sokaris.my-free.website/s/cdn/v1.0/i/m3cab.jpg]
[jason-sokaris.my-free.website/location.html]
[jason-sokaris.my-free.website/location.44b7fb4e.js]
[jason-sokaris.my-free.website/s/cdn/v1.0/i/m19e6.jpg]
[jason-sokaris.my-free.website/contact-us.2e78c984.js]
[jason-sokaris.my-free.website/f512d032f7333941da00a88ce66efb9d.svg]
[jason-sokaris.my-free.website/contact-us.html]
[jason-sokaris.my-free.website/facebook.html]
[jason-sokaris.my-free.website/twitter.html]
[jason-sokaris.my-free.website/instagram.html]
[jason-sokaris.my-free.website/cdn-cgi/l/email-protection.html]
[jason-sokaris.my-free.website/f512d032f7333941da00a88ce66efb9d.html]
